<html>
<body>
<pre>
<h1>µVision Build Log</h1>
<h2>Tool Versions:</h2>
IDE-Version: ¦ÌVision V5.43.1.0
Copyright (C) 2025 ARM Ltd and ARM Germany GmbH. All rights reserved.
License Information: 1 2154734361@qq.com, 1, LIC=47GU5-GLK6F-KP9ZY-IR54L-XDRAJ-MHK6A
 
Tool Versions:
Toolchain:       MDK-ARM Plus  Version: 5.43.0.0
Toolchain Path:  F:\software\KEIL\ARM\ARMGCC\Bin
C Compiler:      Armcc.exe V5.06 update 7 (build 960)
Assembler:       Armasm.exe V5.06 update 7 (build 960)
Linker/Locator:  ArmLink.exe V5.06 update 7 (build 960)
Library Manager: ArmAr.exe V5.06 update 7 (build 960)
Hex Converter:   FromElf.exe V5.06 update 7 (build 960)
CPU DLL:         SARMCM3.DLL V5.43.0.0
Dialog DLL:      DCM.DLL V1.17.5.0
Target DLL:      CMSIS_AGDI.dll V1.33.24.0
Dialog DLL:      TCM.DLL V1.56.6.0
 
<h2>Project:</h2>
C:\Users\21547\Desktop\STM32-LVGL_V8-3\Project\RVMDK£¨uv5£©\BH-F103.uvprojx
Project File Date:  06/01/2026

<h2>Output:</h2>
*** Using Compiler 'V5.06 update 7 (build 960)', folder: 'F:\software\KEIL\ARM\ARMGCC\Bin'
Build target 'LDC'
compiling stm32f10x_crc.c...
compiling stm32f10x_dma.c...
compiling core_cm3.c...
compiling system_stm32f10x.c...
compiling stm32f10x_exti.c...
compiling misc.c...
compiling stm32f10x_dac.c...
compiling stm32f10x_can.c...
compiling stm32f10x_dbgmcu.c...
compiling stm32f10x_fsmc.c...
compiling stm32f10x_bkp.c...
compiling stm32f10x_gpio.c...
compiling stm32f10x_flash.c...
compiling stm32f10x_cec.c...
compiling stm32f10x_adc.c...
compiling stm32f10x_i2c.c...
compiling stm32f10x_iwdg.c...
compiling stm32f10x_pwr.c...
compiling stm32f10x_rcc.c...
compiling stm32f10x_rtc.c...
compiling stm32f10x_sdio.c...
compiling stm32f10x_spi.c...
compiling stm32f10x_wwdg.c...
compiling stm32f10x_usart.c...
compiling stm32f10x_tim.c...
compiling stm32f10x_it.c...
compiling bsp_led.c...
compiling bsp_usart.c...
compiling bsp_spi_flash.c...
compiling bsp_ili9341_lcd.c...
compiling fonts.c...
compiling bsp_esp8266.c...
compiling lv_disp.c...
..\..\LVGL\src\core\lv_disp.c(490): warning:  #1-D: last line of file ends without a newline
  }
..\..\LVGL\src\core\lv_disp.c: 1 warning, 0 errors
compiling bsp_xpt2046_lcd.c...
compiling main.c...
compiling bsp_at24c02.c...
..\..\User\eeprom\bsp_at24c02.c(91): warning:  #177-D: function "I2C_Ack"  was declared but never referenced
  static void I2C_Ack(void)
..\..\User\eeprom\bsp_at24c02.c: 1 warning, 0 errors
compiling palette.c...
compiling lv_group.c...
compiling lv_event.c...
..\..\LVGL\src\core\lv_event.c(120): warning:  #188-D: enumerated type mixed with another type
      return e->code & ~LV_EVENT_PREPROCESS;
..\..\LVGL\src\core\lv_event.c: 1 warning, 0 errors
compiling lv_obj_class.c...
compiling lv_indev.c...
compiling lv_indev_scroll.c...
compiling lv_obj.c...
compiling lv_obj_draw.c...
..\..\LVGL\src\core\lv_obj_draw.c(400): warning:  #188-D: enumerated type mixed with another type
      if(obj->spec_attr) return obj->spec_attr->layer_type;
..\..\LVGL\src\core\lv_obj_draw.c: 1 warning, 0 errors
compiling lv_obj_scroll.c...
compiling lv_obj_style.c...
compiling lv_obj_style_gen.c...
compiling lv_gpu_nxp_pxp.c...
compiling lv_obj_pos.c...
compiling lv_obj_tree.c...
compiling lv_gpu_arm2d.c...
compiling lv_gpu_nxp_pxp_osa.c...
compiling lv_theme.c...
compiling lv_refr.c...
compiling lv_gpu_nxp_vglite.c...
compiling lv_draw_sdl.c...
compiling lv_draw_sdl_arc.c...
compiling lv_draw_sdl_bg.c...
compiling lv_draw_sdl_composite.c...
compiling lv_draw_sdl_img.c...
compiling lv_draw_sdl_label.c...
compiling lv_draw_sdl_line.c...
compiling lv_draw_sdl_mask.c...
compiling lv_draw_sdl_polygon.c...
compiling lv_draw_sdl_rect.c...
compiling lv_draw_sdl_stack_blur.c...
compiling lv_draw_sdl_texture_cache.c...
compiling lv_draw_sdl_utils.c...
compiling lv_draw_sw.c...
compiling lv_gpu_stm32_dma2d.c...
compiling lv_draw_sw_arc.c...
compiling lv_draw_sw_dither.c...
compiling lv_draw_sw_gradient.c...
compiling lv_draw_sw_blend.c...
compiling lv_draw_sw_img.c...
compiling lv_draw_sw_letter.c...
compiling lv_draw_sw_polygon.c...
compiling lv_draw_sw_line.c...
compiling lv_gpu_swm341_dma2d.c...
compiling lv_draw_sw_transform.c...
compiling lv_draw.c...
compiling lv_draw_arc.c...
compiling lv_draw_sw_rect.c...
..\..\LVGL\src\draw\sw\lv_draw_sw_rect.c(239): warning:  #546-D: transfer of control bypasses initialization of:
            variable "mask_any_center"  (declared at line 286)
          goto bg_clean_up;
          ^
..\..\LVGL\src\draw\sw\lv_draw_sw_rect.c: 1 warning, 0 errors
compiling lv_draw_img.c...
compiling lv_draw_label.c...
compiling lv_draw_line.c...
compiling lv_draw_rect.c...
compiling lv_draw_transform.c...
compiling lv_draw_triangle.c...
compiling lv_draw_mask.c...
compiling lv_img_buf.c...
compiling lv_img_cache.c...
compiling lv_img_decoder.c...
compiling lv_extra.c...
compiling lv_animimg.c...
compiling lv_calendar_header_arrow.c...
compiling lv_calendar.c...
compiling lv_calendar_header_dropdown.c...
compiling lv_keyboard.c...
compiling lv_imgbtn.c...
compiling lv_colorwheel.c...
compiling lv_list.c...
compiling lv_led.c...
compiling lv_menu.c...
compiling lv_chart.c...
compiling lv_msgbox.c...
compiling lv_meter.c...
compiling lv_spinbox.c...
compiling lv_tileview.c...
compiling lv_spinner.c...
compiling lv_span.c...
..\..\LVGL\src\extra\widgets\span\lv_span.c(901): warning:  #546-D: transfer of control bypasses initialization of:
            variable "align"  (declared at line 905)
              goto Next_line_init;
              ^
..\..\LVGL\src\extra\widgets\span\lv_span.c: 1 warning, 0 errors
compiling lv_tabview.c...
compiling lv_win.c...
compiling lv_fragment.c...
compiling lv_theme_basic.c...
compiling lv_fragment_manager.c...
compiling lv_theme_mono.c...
compiling lv_gridnav.c...
compiling lv_theme_default.c...
..\..\LVGL\src\extra\themes\default\lv_theme_default.c(213): warning:  #188-D: enumerated type mixed with another type
..\..\LVGL\src\extra\themes\default\lv_theme_default.c: 1 warning, 0 errors
compiling lv_imgfont.c...
compiling lv_msg.c...
compiling lv_monkey.c...
compiling lv_snapshot.c...
compiling lv_bmp.c...
compiling lv_ffmpeg.c...
compiling lv_freetype.c...
compiling gifdec.c...
compiling lv_fs_fatfs.c...
compiling lv_fs_posix.c...
compiling lv_fs_stdio.c...
compiling lv_fs_win32.c...
compiling lv_gif.c...
compiling lodepng.c...
compiling tjpgd.c...
compiling lv_png.c...
compiling qrcodegen.c...
..\..\LVGL\src\extra\libs\qrcode\qrcodegen.c(278): warning:  #188-D: enumerated type mixed with another type
  	applyMask(tempBuffer, qrcode, mask);
..\..\LVGL\src\extra\libs\qrcode\qrcodegen.c(279): warning:  #188-D: enumerated type mixed with another type
  	drawFormatBits(ecl, mask, qrcode);
..\..\LVGL\src\extra\libs\qrcode\qrcodegen.c: 2 warnings, 0 errors
compiling lv_qrcode.c...
compiling lv_rlottie.c...
compiling lv_font.c...
compiling lv_sjpg.c...
compiling lv_flex.c...
compiling lv_grid.c...
..\..\LVGL\src\extra\layouts\grid\lv_grid.c(591): warning:  #188-D: enumerated type mixed with another type
      lv_grid_align_t col_align = get_cell_col_align(item);
..\..\LVGL\src\extra\layouts\grid\lv_grid.c(592): warning:  #188-D: enumerated type mixed with another type
      lv_grid_align_t row_align = get_cell_row_align(item);
..\..\LVGL\src\extra\layouts\grid\lv_grid.c: 2 warnings, 0 errors
compiling lv_font_fmt_txt.c...
..\..\LVGL\src\font\lv_font_fmt_txt.c(137): warning:  #111-D: statement is unreachable
      return NULL;
..\..\LVGL\src\font\lv_font_fmt_txt.c: 1 warning, 0 errors
compiling lv_font_dejavu_16_persian_hebrew.c...
compiling lv_font_montserrat_8.c...
compiling lv_font_montserrat_10.c...
compiling lv_font_montserrat_12.c...
compiling lv_font_loader.c...
compiling lv_font_montserrat_12_subpx.c...
compiling lv_font_montserrat_14.c...
compiling lv_font_montserrat_16.c...
compiling lv_font_montserrat_18.c...
compiling lv_font_montserrat_20.c...
compiling lv_font_montserrat_22.c...
compiling lv_font_montserrat_24.c...
compiling lv_font_montserrat_26.c...
compiling lv_font_montserrat_28.c...
compiling lv_font_montserrat_28_compressed.c...
compiling lv_font_montserrat_32.c...
compiling lv_font_montserrat_30.c...
compiling lv_font_montserrat_34.c...
compiling lv_font_montserrat_36.c...
compiling lv_font_montserrat_38.c...
compiling lv_font_montserrat_40.c...
compiling lv_font_montserrat_42.c...
compiling lv_font_montserrat_44.c...
compiling lv_font_montserrat_46.c...
compiling lv_font_montserrat_48.c...
compiling lv_font_unscii_8.c...
compiling lv_font_simsun_16_cjk.c...
compiling lv_font_unscii_16.c...
compiling lv_hal_tick.c...
compiling lv_async.c...
compiling lv_anim_timeline.c...
compiling lv_bidi.c...
compiling lv_hal_indev.c...
compiling lv_anim.c...
compiling lv_area.c...
compiling lv_hal_disp.c...
..\..\LVGL\src\hal\lv_hal_disp.c(571): warning:  #188-D: enumerated type mixed with another type
      return disp->driver->rotated;
..\..\LVGL\src\hal\lv_hal_disp.c: 1 warning, 0 errors
compiling lv_color.c...
compiling lv_gc.c...
compiling lv_log.c...
compiling lv_ll.c...
compiling lv_fs.c...
compiling lv_lru.c...
..\..\LVGL\src\misc\lv_lru.c(313): warning:  #68-D: integer conversion resulted in a change of sign
      uint32_t i = 0, min_index = -1;
..\..\LVGL\src\misc\lv_lru.c(314): warning:  #68-D: integer conversion resulted in a change of sign
      uint64_t min_access_count = -1;
..\..\LVGL\src\misc\lv_lru.c: 2 warnings, 0 errors
compiling lv_math.c...
compiling lv_mem.c...
..\..\LVGL\src\misc\lv_mem.c(325): warning:  #111-D: statement is unreachable
      return NULL;
..\..\LVGL\src\misc\lv_mem.c: 1 warning, 0 errors
compiling lv_printf.c...
compiling lv_templ.c...
compiling lv_style.c...
..\..\LVGL\src\misc\lv_style.c(192): warning:  #188-D: enumerated type mixed with another type
      return last_custom_prop_id;
..\..\LVGL\src\misc\lv_style.c(197): warning:  #188-D: enumerated type mixed with another type
      return last_custom_prop_id - _LV_STYLE_LAST_BUILT_IN_PROP;
..\..\LVGL\src\misc\lv_style.c: 2 warnings, 0 errors
compiling lv_style_gen.c...
compiling lv_timer.c...
compiling lv_tlsf.c...
..\..\LVGL\src\misc\lv_tlsf.c(898): warning:  #68-D: integer conversion resulted in a change of sign
          offset_to_block(pool, -(int)block_header_overhead);
..\..\LVGL\src\misc\lv_tlsf.c(1000): warning:  #68-D: integer conversion resulted in a change of sign
      block = offset_to_block(mem, -(tlsfptr_t)block_header_overhead);
..\..\LVGL\src\misc\lv_tlsf.c(1018): warning:  #68-D: integer conversion resulted in a change of sign
      block_header_t * block = offset_to_block(pool, -(int)block_header_overhead);
..\..\LVGL\src\misc\lv_tlsf.c: 3 warnings, 0 errors
compiling lv_utils.c...
compiling lv_txt.c...
compiling lv_txt_ap.c...
compiling lv_btn.c...
compiling lv_arc.c...
compiling lv_bar.c...
compiling lv_checkbox.c...
compiling lv_canvas.c...
compiling lv_btnmatrix.c...
compiling lv_objx_templ.c...
compiling lv_img.c...
compiling lv_dropdown.c...
compiling lv_line.c...
compiling lv_label.c...
compiling lv_roller.c...
compiling lv_slider.c...
compiling lv_switch.c...
compiling lv_table.c...
compiling lv_textarea.c...
compiling lv_example_btn_1.c...
compiling lv_port_disp.c...
compiling lv_port_indev.c...
..\..\LVGL\lvgl_driver\lv_port_indev.c(210): warning:  #177-D: function "touchpad_is_pressed"  was declared but never referenced
  static bool touchpad_is_pressed(void)
..\..\LVGL\lvgl_driver\lv_port_indev.c(218): warning:  #177-D: function "touchpad_get_xy"  was declared but never referenced
  static void touchpad_get_xy(lv_coord_t * x, lv_coord_t * y)
..\..\LVGL\lvgl_driver\lv_port_indev.c(231): warning:  #177-D: function "mouse_init"  was declared but never referenced
  static void mouse_init(void)
..\..\LVGL\lvgl_driver\lv_port_indev.c(237): warning:  #177-D: function "mouse_read"  was declared but never referenced
  static void mouse_read(lv_indev_drv_t * indev_drv, lv_indev_data_t * data)
..\..\LVGL\lvgl_driver\lv_port_indev.c(273): warning:  #177-D: function "keypad_init"  was declared but never referenced
  static void keypad_init(void)
..\..\LVGL\lvgl_driver\lv_port_indev.c(279): warning:  #177-D: function "keypad_read"  was declared but never referenced
  static void keypad_read(lv_indev_drv_t * indev_drv, lv_indev_data_t * data)
..\..\LVGL\lvgl_driver\lv_port_indev.c(332): warning:  #177-D: function "encoder_init"  was declared but never referenced
  static void encoder_init(void)
..\..\LVGL\lvgl_driver\lv_port_indev.c(338): warning:  #177-D: function "encoder_read"  was declared but never referenced
  static void encoder_read(lv_indev_drv_t * indev_drv, lv_indev_data_t * data)
..\..\LVGL\lvgl_driver\lv_port_indev.c(346): warning:  #177-D: function "encoder_handler"  was declared but never referenced
  static void encoder_handler(void)
..\..\LVGL\lvgl_driver\lv_port_indev.c(359): warning:  #177-D: function "button_init"  was declared but never referenced
  static void button_init(void)
..\..\LVGL\lvgl_driver\lv_port_indev.c(365): warning:  #177-D: function "button_read"  was declared but never referenced
  static void button_read(lv_indev_drv_t * indev_drv, lv_indev_data_t * data)
..\..\LVGL\lvgl_driver\lv_port_indev.c: 11 warnings, 0 errors
linking...
Program Size: Code=204386 RO-data=35558 RW-data=892 ZI-data=36788  
FromELF: creating hex file...
"..\..\Output\Template.axf" - 0 Error(s), 32 Warning(s).

<h2>Software Packages used:</h2>

Package Vendor: Keil
                https://www.keil.com/pack/Keil.STM32F1xx_DFP.2.4.1.pack
                Keil::STM32F1xx_DFP@2.4.1
                STMicroelectronics STM32F1 Series Device Support, Drivers and Examples

<h2>Collection of Component include folders:</h2>
  F:/software/KEIL/Keil/STM32F1xx_DFP/2.4.1/Device/Include

<h2>Collection of Component Files used:</h2>
Build Time Elapsed:  00:00:10
</pre>
</body>
</html>
